
> api@1.0.0 test C:\Users\alexsander\Music\api
> jest --runInBand

ÔÇëELIFECYCLEÔÇë Test failed. See above for more details.
